[INFO] Scanning for projects...
[INFO] 
[INFO] ------------------------< com.example:backend >-------------------------
[INFO] Building backend 0.0.1-SNAPSHOT
[INFO]   from pom.xml
[INFO] --------------------------------[ jar ]---------------------------------
[INFO] 
[INFO] --- clean:3.5.0:clean (default-clean) @ backend ---
[INFO] Deleting C:\Users\USER\Desktop\Nouveau dossier (2)\backend\target
[INFO] 
[INFO] --- resources:3.3.1:resources (default-resources) @ backend ---
[INFO] Copying 1 resource from src\main\resources to target\classes
[INFO] Copying 0 resource from src\main\resources to target\classes
[INFO] 
[INFO] --- compiler:3.14.1:compile (default-compile) @ backend ---
[INFO] Recompiling the module because of changed source code.
[INFO] Compiling 101 source files with javac [debug parameters release 21] to target\classes
[WARNING] /C:/Users/USER/Desktop/Nouveau dossier (2)/backend/src/main/java/com/example/backend/model/Utilisateur.java:[55,21] @Builder will ignore the initializing expression entirely. If you want the initializing expression to serve as default, add @Builder.Default. If it is not supposed to be settable during building, make the field final.
[WARNING] /C:/Users/USER/Desktop/Nouveau dossier (2)/backend/src/main/java/com/example/backend/model/Order.java:[27,24] @Builder will ignore the initializing expression entirely. If you want the initializing expression to serve as default, add @Builder.Default. If it is not supposed to be settable during building, make the field final.
[WARNING] /C:/Users/USER/Desktop/Nouveau dossier (2)/backend/src/main/java/com/example/backend/model/Order.java:[33,20] @Builder will ignore the initializing expression entirely. If you want the initializing expression to serve as default, add @Builder.Default. If it is not supposed to be settable during building, make the field final.
[WARNING] /C:/Users/USER/Desktop/Nouveau dossier (2)/backend/src/main/java/com/example/backend/model/Order.java:[36,20] @Builder will ignore the initializing expression entirely. If you want the initializing expression to serve as default, add @Builder.Default. If it is not supposed to be settable during building, make the field final.
[WARNING] /C:/Users/USER/Desktop/Nouveau dossier (2)/backend/src/main/java/com/example/backend/model/Order.java:[67,20] @Builder will ignore the initializing expression entirely. If you want the initializing expression to serve as default, add @Builder.Default. If it is not supposed to be settable during building, make the field final.
[WARNING] /C:/Users/USER/Desktop/Nouveau dossier (2)/backend/src/main/java/com/example/backend/model/Magasin.java:[41,21] @Builder will ignore the initializing expression entirely. If you want the initializing expression to serve as default, add @Builder.Default. If it is not supposed to be settable during building, make the field final.
[WARNING] /C:/Users/USER/Desktop/Nouveau dossier (2)/backend/src/main/java/com/example/backend/model/Depot.java:[51,21] @Builder will ignore the initializing expression entirely. If you want the initializing expression to serve as default, add @Builder.Default. If it is not supposed to be settable during building, make the field final.
[WARNING] /C:/Users/USER/Desktop/Nouveau dossier (2)/backend/src/main/java/com/example/backend/model/Depot.java:[54,21] @Builder will ignore the initializing expression entirely. If you want the initializing expression to serve as default, add @Builder.Default. If it is not supposed to be settable during building, make the field final.
[WARNING] /C:/Users/USER/Desktop/Nouveau dossier (2)/backend/src/main/java/com/example/backend/model/Tva.java:[32,21] @Builder will ignore the initializing expression entirely. If you want the initializing expression to serve as default, add @Builder.Default. If it is not supposed to be settable during building, make the field final.
[WARNING] /C:/Users/USER/Desktop/Nouveau dossier (2)/backend/src/main/java/com/example/backend/dto/auth/LoginResponse.java:[12,20] @Builder will ignore the initializing expression entirely. If you want the initializing expression to serve as default, add @Builder.Default. If it is not supposed to be settable during building, make the field final.
[INFO] ------------------------------------------------------------------------
[INFO] BUILD SUCCESS
[INFO] ------------------------------------------------------------------------
[INFO] Total time:  38.859 s
[INFO] Finished at: 2026-02-11T15:49:44+01:00
[INFO] ------------------------------------------------------------------------
