[INFO] Scanning for projects...
[INFO] 
[INFO] ------------------------< com.example:backend >-------------------------
[INFO] Building backend 0.0.1-SNAPSHOT
[INFO]   from pom.xml
[INFO] --------------------------------[ jar ]---------------------------------
[INFO] 
[INFO] --- resources:3.3.1:resources (default-resources) @ backend ---
[INFO] Copying 1 resource from src\main\resources to target\classes
[INFO] Copying 0 resource from src\main\resources to target\classes
[INFO] 
[INFO] --- compiler:3.14.1:compile (default-compile) @ backend ---
[INFO] Nothing to compile - all classes are up to date.
[INFO] 
[INFO] --- resources:3.3.1:testResources (default-testResources) @ backend ---
[INFO] skip non existing resourceDirectory C:\Users\USER\Desktop\Nouveau dossier (2)\backend\src\test\resources
[INFO] 
[INFO] --- compiler:3.14.1:testCompile (default-testCompile) @ backend ---
[INFO] Nothing to compile - all classes are up to date.
[INFO] 
[INFO] --- surefire:3.5.4:test (default-test) @ backend ---
[INFO] Using auto detected provider org.apache.maven.surefire.junitplatform.JUnitPlatformProvider
[INFO] 
[INFO] -------------------------------------------------------
[INFO]  T E S T S
[INFO] -------------------------------------------------------
[INFO] Running com.example.backend.controller.MapDataControllerTest
.\mvnw.cmd : Mockito is currently self-attaching to enable the 
inline-mock-maker. This will no longer work in future releases of the JDK. 
Please add Mockito as an agent to your build as described in Mockito's 
documentation: https://javadoc.io/doc/org.mockito/mockito-core/latest/org.mocki
to/org/mockito/Mockito.html#0.3
Au caractère Ligne:1 : 1
+ .\mvnw.cmd test "-Dtest=com.example.backend.service.MapDataServiceTes ...
+ ~~~~~~~~~~~~~~~~~~~~~~~~~~~~~~~~~~~~~~~~~~~~~~~~~~~~~~~~~~~~~~~~~~~~~
    + CategoryInfo          : NotSpecified: (Mockito is curr...ockito.html#0.3 
   :String) [], RemoteException
    + FullyQualifiedErrorId : NativeCommandError
 
WARNING: A Java agent has been loaded dynamically (C:\Users\USER\.m2\repository
\net\bytebuddy\byte-buddy-agent\1.17.8\byte-buddy-agent-1.17.8.jar)
WARNING: If a serviceability tool is in use, please run with 
-XX:+EnableDynamicAgentLoading to hide this warning
WARNING: If a serviceability tool is not in use, please run with 
-Djdk.instrument.traceUsage for more information
WARNING: Dynamic loading of agents will be disallowed by default in a future 
release
Java HotSpot(TM) 64-Bit Server VM warning: Sharing is only supported for boot 
loader classes because bootstrap classpath has been appended
15:29:21.748 [main] INFO org.hibernate.validator.internal.util.Version -- HV000001: Hibernate Validator 9.0.1.Final
15:29:22.994 [main] INFO org.springframework.mock.web.MockServletContext -- Initializing Spring TestDispatcherServlet ''
15:29:22.999 [main] INFO org.springframework.test.web.servlet.TestDispatcherServlet -- Initializing Servlet ''
15:29:23.012 [main] INFO org.springframework.test.web.servlet.TestDispatcherServlet -- Completed initialization in 8 ms
15:29:23.736 [main] INFO org.springframework.mock.web.MockServletContext -- Initializing Spring TestDispatcherServlet ''
15:29:23.737 [main] INFO org.springframework.test.web.servlet.TestDispatcherServlet -- Initializing Servlet ''
15:29:23.737 [main] INFO org.springframework.test.web.servlet.TestDispatcherServlet -- Completed initialization in 0 ms
15:29:23.800 [main] INFO org.springframework.mock.web.MockServletContext -- Initializing Spring TestDispatcherServlet ''
15:29:23.801 [main] INFO org.springframework.test.web.servlet.TestDispatcherServlet -- Initializing Servlet ''
15:29:23.801 [main] INFO org.springframework.test.web.servlet.TestDispatcherServlet -- Completed initialization in 0 ms
15:29:24.031 [main] INFO org.springframework.mock.web.MockServletContext -- Initializing Spring TestDispatcherServlet ''
15:29:24.032 [main] INFO org.springframework.test.web.servlet.TestDispatcherServlet -- Initializing Servlet ''
15:29:24.043 [main] INFO org.springframework.test.web.servlet.TestDispatcherServlet -- Completed initialization in 0 ms
15:29:24.103 [main] INFO org.springframework.mock.web.MockServletContext -- Initializing Spring TestDispatcherServlet ''
15:29:24.103 [main] INFO org.springframework.test.web.servlet.TestDispatcherServlet -- Initializing Servlet ''
15:29:24.103 [main] INFO org.springframework.test.web.servlet.TestDispatcherServlet -- Completed initialization in 0 ms
15:29:24.147 [main] INFO org.springframework.mock.web.MockServletContext -- Initializing Spring TestDispatcherServlet ''
15:29:24.148 [main] INFO org.springframework.test.web.servlet.TestDispatcherServlet -- Initializing Servlet ''
15:29:24.148 [main] INFO org.springframework.test.web.servlet.TestDispatcherServlet -- Completed initialization in 0 ms
15:29:24.188 [main] INFO org.springframework.mock.web.MockServletContext -- Initializing Spring TestDispatcherServlet ''
15:29:24.188 [main] INFO org.springframework.test.web.servlet.TestDispatcherServlet -- Initializing Servlet ''
15:29:24.189 [main] INFO org.springframework.test.web.servlet.TestDispatcherServlet -- Completed initialization in 1 ms
15:29:24.303 [main] INFO org.springframework.mock.web.MockServletContext -- Initializing Spring TestDispatcherServlet ''
15:29:24.303 [main] INFO org.springframework.test.web.servlet.TestDispatcherServlet -- Initializing Servlet ''
15:29:24.304 [main] INFO org.springframework.test.web.servlet.TestDispatcherServlet -- Completed initialization in 1 ms
15:29:24.366 [main] INFO org.springframework.mock.web.MockServletContext -- Initializing Spring TestDispatcherServlet ''
15:29:24.367 [main] INFO org.springframework.test.web.servlet.TestDispatcherServlet -- Initializing Servlet ''
15:29:24.367 [main] INFO org.springframework.test.web.servlet.TestDispatcherServlet -- Completed initialization in 0 ms
[INFO] Tests run: 9, Failures: 0, Errors: 0, Skipped: 0, Time elapsed: 9.742 s -- in com.example.backend.controller.MapDataControllerTest
[INFO] Running com.example.backend.service.MapDataServiceTest
[INFO] Tests run: 6, Failures: 0, Errors: 0, Skipped: 0, Time elapsed: 2.678 s -- in com.example.backend.service.MapDataServiceTest
[INFO] Running com.example.backend.service.OrderServiceTest
[INFO] Tests run: 13, Failures: 0, Errors: 0, Skipped: 0, Time elapsed: 0.630 s -- in com.example.backend.service.OrderServiceTest
[INFO] 
[INFO] Results:
[INFO] 
[INFO] Tests run: 28, Failures: 0, Errors: 0, Skipped: 0
[INFO] 
[INFO] ------------------------------------------------------------------------
[INFO] BUILD SUCCESS
[INFO] ------------------------------------------------------------------------
[INFO] Total time:  24.839 s
[INFO] Finished at: 2026-02-11T15:29:28+01:00
[INFO] ------------------------------------------------------------------------
